192.168.3.14 - - [08/Oct/2021:11:32:37 +0000] "GET / HTTP/1.1" 200 215 "-" "Mozilla/5.0 (Windows NT 10.0; Win64; x64) AppleWebKit/537.36 (KHTML, like Gecko) Chrome/94.0.4606.71 Safari/537.36"
192.168.3.14 - - [08/Oct/2021:11:32:49 +0000] "GET /access.log HTTP/1.1" 200 451 "-" "Mozilla/5.0 (Windows NT 10.0; Win64; x64) AppleWebKit/537.36 (KHTML, like Gecko) Chrome/94.0.4606.71 Safari/537.36"
192.168.3.8 - - [08/Oct/2021:11:33:10 +0000] "GET /error.log HTTP/1.1" 200 256 "-" "Mozilla/5.0 (Windows NT 10.0; Win64; x64) AppleWebKit/537.36 (KHTML, like Gecko) Chrome/94.0.4606.71 Safari/537.36"
192.168.3.8 - - [08/Oct/2021:11:33:10 +0000] "GET /favicon.ico HTTP/1.1" 404 491 "http://192.168.3.114/error.log" "Mozilla/5.0 (Windows NT 10.0; Win64; x64) AppleWebKit/537.36 (KHTML, like Gecko) Chrome/94.0.4606.71 Safari/537.36"
192.168.3.12 - - [08/Oct/2021:11:33:10 +0000] "GET / HTTP/1.1" 200 215 "-" "Mozilla/5.0 (Windows NT 10.0; Win64; x64) AppleWebKit/537.36 (KHTML, like Gecko) Chrome/94.0.4606.71 Safari/537.36"
192.168.3.12 - - [08/Oct/2021:11:33:10 +0000] "GET /favicon.ico HTTP/1.1" 404 491 "http://192.168.3.114/" "Mozilla/5.0 (Windows NT 10.0; Win64; x64) AppleWebKit/537.36 (KHTML, like Gecko) Chrome/94.0.4606.71 Safari/537.36"
192.168.3.5 - - [08/Oct/2021:11:33:10 +0000] "GET / HTTP/1.1" 200 215 "-" "Mozilla/5.0 (Windows NT 10.0; Win64; x64) AppleWebKit/537.36 (KHTML, like Gecko) Chrome/94.0.4606.71 Safari/537.36"
192.168.3.5 - - [08/Oct/2021:11:33:11 +0000] "GET /favicon.ico HTTP/1.1" 404 491 "http://192.168.3.114/" "Mozilla/5.0 (Windows NT 10.0; Win64; x64) AppleWebKit/537.36 (KHTML, like Gecko) Chrome/94.0.4606.71 Safari/537.36"
192.168.3.8 - - [08/Oct/2021:11:33:13 +0000] "GET /error.log HTTP/1.1" 304 178 "-" "Mozilla/5.0 (Windows NT 10.0; Win64; x64) AppleWebKit/537.36 (KHTML, like Gecko) Chrome/94.0.4606.71 Safari/537.36"
192.168.3.8 - - [08/Oct/2021:11:33:13 +0000] "GET /error.log HTTP/1.1" 304 178 "-" "Mozilla/5.0 (Windows NT 10.0; Win64; x64) AppleWebKit/537.36 (KHTML, like Gecko) Chrome/94.0.4606.71 Safari/537.36"
192.168.3.8 - - [08/Oct/2021:11:33:16 +0000] "GET /error.log HTTP/1.1" 304 178 "-" "Mozilla/5.0 (Windows NT 10.0; Win64; x64) AppleWebKit/537.36 (KHTML, like Gecko) Chrome/94.0.4606.71 Safari/537.36"
192.168.3.8 - - [08/Oct/2021:11:33:17 +0000] "GET /error.log HTTP/1.1" 304 178 "-" "Mozilla/5.0 (Windows NT 10.0; Win64; x64) AppleWebKit/537.36 (KHTML, like Gecko) Chrome/94.0.4606.71 Safari/537.36"
192.168.3.3 - - [08/Oct/2021:11:33:20 +0000] "GET /access.log HTTP/1.1" 200 2714 "-" "Mozilla/5.0 (Windows NT 10.0; Win64; x64) AppleWebKit/537.36 (KHTML, like Gecko) Chrome/94.0.4606.71 Safari/537.36"
192.168.3.3 - - [08/Oct/2021:11:33:20 +0000] "GET /favicon.ico HTTP/1.1" 404 491 "http://192.168.3.114/access.log" "Mozilla/5.0 (Windows NT 10.0; Win64; x64) AppleWebKit/537.36 (KHTML, like Gecko) Chrome/94.0.4606.71 Safari/537.36"
192.168.3.4 - - [08/Oct/2021:11:33:21 +0000] "GET / HTTP/1.1" 200 215 "-" "Mozilla/5.0 (Windows NT 10.0; Win64; x64) AppleWebKit/537.36 (KHTML, like Gecko) Chrome/94.0.4606.71 Safari/537.36"
192.168.3.4 - - [08/Oct/2021:11:33:21 +0000] "GET /favicon.ico HTTP/1.1" 404 491 "http://192.168.3.114/" "Mozilla/5.0 (Windows NT 10.0; Win64; x64) AppleWebKit/537.36 (KHTML, like Gecko) Chrome/94.0.4606.71 Safari/537.36"
192.168.3.8 - - [08/Oct/2021:11:33:23 +0000] "GET /error.log HTTP/1.1" 304 179 "-" "Mozilla/5.0 (Windows NT 10.0; Win64; x64) AppleWebKit/537.36 (KHTML, like Gecko) Chrome/94.0.4606.71 Safari/537.36"
192.168.3.8 - - [08/Oct/2021:11:33:24 +0000] "GET /error.log HTTP/1.1" 304 178 "-" "Mozilla/5.0 (Windows NT 10.0; Win64; x64) AppleWebKit/537.36 (KHTML, like Gecko) Chrome/94.0.4606.71 Safari/537.36"
192.168.3.8 - - [08/Oct/2021:11:33:25 +0000] "GET /error.log HTTP/1.1" 304 178 "-" "Mozilla/5.0 (Windows NT 10.0; Win64; x64) AppleWebKit/537.36 (KHTML, like Gecko) Chrome/94.0.4606.71 Safari/537.36"
192.168.3.8 - - [08/Oct/2021:11:33:25 +0000] "GET /error.log HTTP/1.1" 304 178 "-" "Mozilla/5.0 (Windows NT 10.0; Win64; x64) AppleWebKit/537.36 (KHTML, like Gecko) Chrome/94.0.4606.71 Safari/537.36"
192.168.3.12 - - [08/Oct/2021:11:33:25 +0000] "GET / HTTP/1.1" 200 215 "-" "Mozilla/5.0 (Windows NT 10.0; Win64; x64) AppleWebKit/537.36 (KHTML, like Gecko) Chrome/94.0.4606.71 Safari/537.36"
192.168.3.8 - - [08/Oct/2021:11:33:25 +0000] "GET /error.log HTTP/1.1" 304 178 "-" "Mozilla/5.0 (Windows NT 10.0; Win64; x64) AppleWebKit/537.36 (KHTML, like Gecko) Chrome/94.0.4606.71 Safari/537.36"
192.168.3.8 - - [08/Oct/2021:11:33:25 +0000] "GET /error.log HTTP/1.1" 304 178 "-" "Mozilla/5.0 (Windows NT 10.0; Win64; x64) AppleWebKit/537.36 (KHTML, like Gecko) Chrome/94.0.4606.71 Safari/537.36"
192.168.3.8 - - [08/Oct/2021:11:33:26 +0000] "GET /error.log HTTP/1.1" 304 178 "-" "Mozilla/5.0 (Windows NT 10.0; Win64; x64) AppleWebKit/537.36 (KHTML, like Gecko) Chrome/94.0.4606.71 Safari/537.36"
192.168.3.8 - - [08/Oct/2021:11:33:26 +0000] "GET /error.log HTTP/1.1" 304 178 "-" "Mozilla/5.0 (Windows NT 10.0; Win64; x64) AppleWebKit/537.36 (KHTML, like Gecko) Chrome/94.0.4606.71 Safari/537.36"
192.168.3.8 - - [08/Oct/2021:11:33:26 +0000] "GET /error.log HTTP/1.1" 304 178 "-" "Mozilla/5.0 (Windows NT 10.0; Win64; x64) AppleWebKit/537.36 (KHTML, like Gecko) Chrome/94.0.4606.71 Safari/537.36"
192.168.3.19 - - [08/Oct/2021:11:33:26 +0000] "GET / HTTP/1.1" 200 215 "-" "Mozilla/5.0 (Windows NT 10.0; Win64; x64; rv:92.0) Gecko/20100101 Firefox/92.0"
192.168.3.19 - - [08/Oct/2021:11:33:26 +0000] "GET /favicon.ico HTTP/1.1" 404 491 "http://192.168.3.114/" "Mozilla/5.0 (Windows NT 10.0; Win64; x64; rv:92.0) Gecko/20100101 Firefox/92.0"
192.168.3.8 - - [08/Oct/2021:11:33:26 +0000] "GET /error.log HTTP/1.1" 304 178 "-" "Mozilla/5.0 (Windows NT 10.0; Win64; x64) AppleWebKit/537.36 (KHTML, like Gecko) Chrome/94.0.4606.71 Safari/537.36"
192.168.3.4 - - [08/Oct/2021:11:33:27 +0000] "GET /access.log HTTP/1.1" 200 6099 "-" "Mozilla/5.0 (Windows NT 10.0; Win64; x64) AppleWebKit/537.36 (KHTML, like Gecko) Chrome/94.0.4606.71 Safari/537.36"
192.168.3.8 - - [08/Oct/2021:11:33:31 +0000] "GET / HTTP/1.1" 200 214 "-" "Mozilla/5.0 (Windows NT 10.0; Win64; x64) AppleWebKit/537.36 (KHTML, like Gecko) Chrome/94.0.4606.71 Safari/537.36"
192.168.3.7 - - [08/Oct/2021:11:33:33 +0000] "GET / HTTP/1.1" 200 215 "-" "Mozilla/5.0 (Windows NT 10.0; Win64; x64) AppleWebKit/537.36 (KHTML, like Gecko) Chrome/94.0.4606.71 Safari/537.36 Edg/94.0.992.38"
192.168.3.7 - - [08/Oct/2021:11:33:33 +0000] "GET /favicon.ico HTTP/1.1" 404 491 "http://192.168.3.114/" "Mozilla/5.0 (Windows NT 10.0; Win64; x64) AppleWebKit/537.36 (KHTML, like Gecko) Chrome/94.0.4606.71 Safari/537.36 Edg/94.0.992.38"
192.168.3.12 - - [08/Oct/2021:11:33:34 +0000] "GET / HTTP/1.1" 200 215 "-" "Mozilla/5.0 (Windows NT 10.0; Win64; x64) AppleWebKit/537.36 (KHTML, like Gecko) Chrome/94.0.4606.71 Safari/537.36"
192.168.3.12 - - [08/Oct/2021:11:33:34 +0000] "GET / HTTP/1.1" 200 214 "-" "Mozilla/5.0 (Windows NT 10.0; Win64; x64) AppleWebKit/537.36 (KHTML, like Gecko) Chrome/94.0.4606.71 Safari/537.36"
192.168.3.12 - - [08/Oct/2021:11:33:34 +0000] "GET / HTTP/1.1" 200 214 "-" "Mozilla/5.0 (Windows NT 10.0; Win64; x64) AppleWebKit/537.36 (KHTML, like Gecko) Chrome/94.0.4606.71 Safari/537.36"
192.168.3.12 - - [08/Oct/2021:11:33:35 +0000] "GET / HTTP/1.1" 200 214 "-" "Mozilla/5.0 (Windows NT 10.0; Win64; x64) AppleWebKit/537.36 (KHTML, like Gecko) Chrome/94.0.4606.71 Safari/537.36"
192.168.3.12 - - [08/Oct/2021:11:33:35 +0000] "GET / HTTP/1.1" 200 214 "-" "Mozilla/5.0 (Windows NT 10.0; Win64; x64) AppleWebKit/537.36 (KHTML, like Gecko) Chrome/94.0.4606.71 Safari/537.36"
192.168.3.12 - - [08/Oct/2021:11:33:35 +0000] "GET / HTTP/1.1" 200 214 "-" "Mozilla/5.0 (Windows NT 10.0; Win64; x64) AppleWebKit/537.36 (KHTML, like Gecko) Chrome/94.0.4606.71 Safari/537.36"
192.168.3.7 - - [08/Oct/2021:11:33:35 +0000] "GET / HTTP/1.1" 200 214 "-" "Mozilla/5.0 (Windows NT 10.0; Win64; x64) AppleWebKit/537.36 (KHTML, like Gecko) Chrome/94.0.4606.71 Safari/537.36 Edg/94.0.992.38"
192.168.3.12 - - [08/Oct/2021:11:33:35 +0000] "GET / HTTP/1.1" 200 214 "-" "Mozilla/5.0 (Windows NT 10.0; Win64; x64) AppleWebKit/537.36 (KHTML, like Gecko) Chrome/94.0.4606.71 Safari/537.36"
192.168.3.7 - - [08/Oct/2021:11:33:36 +0000] "GET / HTTP/1.1" 200 214 "-" "Mozilla/5.0 (Windows NT 10.0; Win64; x64) AppleWebKit/537.36 (KHTML, like Gecko) Chrome/94.0.4606.71 Safari/537.36 Edg/94.0.992.38"
192.168.3.7 - - [08/Oct/2021:11:33:36 +0000] "GET / HTTP/1.1" 200 214 "-" "Mozilla/5.0 (Windows NT 10.0; Win64; x64) AppleWebKit/537.36 (KHTML, like Gecko) Chrome/94.0.4606.71 Safari/537.36 Edg/94.0.992.38"
192.168.3.7 - - [08/Oct/2021:11:33:36 +0000] "GET / HTTP/1.1" 200 214 "-" "Mozilla/5.0 (Windows NT 10.0; Win64; x64) AppleWebKit/537.36 (KHTML, like Gecko) Chrome/94.0.4606.71 Safari/537.36 Edg/94.0.992.38"
192.168.3.7 - - [08/Oct/2021:11:33:36 +0000] "GET / HTTP/1.1" 200 214 "-" "Mozilla/5.0 (Windows NT 10.0; Win64; x64) AppleWebKit/537.36 (KHTML, like Gecko) Chrome/94.0.4606.71 Safari/537.36 Edg/94.0.992.38"
192.168.3.7 - - [08/Oct/2021:11:33:36 +0000] "GET / HTTP/1.1" 200 214 "-" "Mozilla/5.0 (Windows NT 10.0; Win64; x64) AppleWebKit/537.36 (KHTML, like Gecko) Chrome/94.0.4606.71 Safari/537.36 Edg/94.0.992.38"
192.168.3.7 - - [08/Oct/2021:11:33:36 +0000] "GET / HTTP/1.1" 200 214 "-" "Mozilla/5.0 (Windows NT 10.0; Win64; x64) AppleWebKit/537.36 (KHTML, like Gecko) Chrome/94.0.4606.71 Safari/537.36 Edg/94.0.992.38"
192.168.3.19 - - [08/Oct/2021:11:33:37 +0000] "GET / HTTP/1.1" 200 215 "-" "Mozilla/5.0 (Windows NT 10.0; Win64; x64; rv:92.0) Gecko/20100101 Firefox/92.0"
192.168.3.2 - - [08/Oct/2021:11:33:38 +0000] "GET /access.log HTTP/1.1" 200 9886 "-" "Mozilla/5.0 (Windows NT 10.0; Win64; x64) AppleWebKit/537.36 (KHTML, like Gecko) Chrome/94.0.4606.71 Safari/537.36"
192.168.3.2 - - [08/Oct/2021:11:33:38 +0000] "GET /favicon.ico HTTP/1.1" 404 491 "http://192.168.3.114/access.log" "Mozilla/5.0 (Windows NT 10.0; Win64; x64) AppleWebKit/537.36 (KHTML, like Gecko) Chrome/94.0.4606.71 Safari/537.36"
192.168.3.8 - - [08/Oct/2021:11:33:39 +0000] "GET / HTTP/1.1" 200 215 "-" "Mozilla/5.0 (Windows NT 10.0; Win64; x64) AppleWebKit/537.36 (KHTML, like Gecko) Chrome/94.0.4606.71 Safari/537.36"
192.168.3.8 - - [08/Oct/2021:11:33:39 +0000] "GET / HTTP/1.1" 200 214 "-" "Mozilla/5.0 (Windows NT 10.0; Win64; x64) AppleWebKit/537.36 (KHTML, like Gecko) Chrome/94.0.4606.71 Safari/537.36"
192.168.3.14 - - [08/Oct/2021:11:33:41 +0000] "-" 408 0 "-" "-"
192.168.3.14 - - [08/Oct/2021:11:33:42 +0000] "GET /access.log HTTP/1.1" 200 10767 "-" "Mozilla/5.0 (Windows NT 10.0; Win64; x64) AppleWebKit/537.36 (KHTML, like Gecko) Chrome/94.0.4606.71 Safari/537.36"
192.168.3.7 - - [08/Oct/2021:11:33:43 +0000] "GET / HTTP/1.1" 200 215 "-" "Mozilla/5.0 (Windows NT 10.0; Win64; x64) AppleWebKit/537.36 (KHTML, like Gecko) Chrome/94.0.4606.71 Safari/537.36 Edg/94.0.992.38"
192.168.3.7 - - [08/Oct/2021:11:33:43 +0000] "GET / HTTP/1.1" 200 214 "-" "Mozilla/5.0 (Windows NT 10.0; Win64; x64) AppleWebKit/537.36 (KHTML, like Gecko) Chrome/94.0.4606.71 Safari/537.36 Edg/94.0.992.38"
192.168.3.7 - - [08/Oct/2021:11:33:44 +0000] "GET / HTTP/1.1" 200 214 "-" "Mozilla/5.0 (Windows NT 10.0; Win64; x64) AppleWebKit/537.36 (KHTML, like Gecko) Chrome/94.0.4606.71 Safari/537.36 Edg/94.0.992.38"
192.168.3.7 - - [08/Oct/2021:11:33:44 +0000] "GET / HTTP/1.1" 200 214 "-" "Mozilla/5.0 (Windows NT 10.0; Win64; x64) AppleWebKit/537.36 (KHTML, like Gecko) Chrome/94.0.4606.71 Safari/537.36 Edg/94.0.992.38"
192.168.3.7 - - [08/Oct/2021:11:33:44 +0000] "GET / HTTP/1.1" 200 214 "-" "Mozilla/5.0 (Windows NT 10.0; Win64; x64) AppleWebKit/537.36 (KHTML, like Gecko) Chrome/94.0.4606.71 Safari/537.36 Edg/94.0.992.38"
192.168.3.7 - - [08/Oct/2021:11:33:44 +0000] "GET / HTTP/1.1" 200 214 "-" "Mozilla/5.0 (Windows NT 10.0; Win64; x64) AppleWebKit/537.36 (KHTML, like Gecko) Chrome/94.0.4606.71 Safari/537.36 Edg/94.0.992.38"
192.168.3.7 - - [08/Oct/2021:11:33:44 +0000] "GET / HTTP/1.1" 200 214 "-" "Mozilla/5.0 (Windows NT 10.0; Win64; x64) AppleWebKit/537.36 (KHTML, like Gecko) Chrome/94.0.4606.71 Safari/537.36 Edg/94.0.992.38"
192.168.3.7 - - [08/Oct/2021:11:33:44 +0000] "GET / HTTP/1.1" 200 214 "-" "Mozilla/5.0 (Windows NT 10.0; Win64; x64) AppleWebKit/537.36 (KHTML, like Gecko) Chrome/94.0.4606.71 Safari/537.36 Edg/94.0.992.38"
192.168.3.7 - - [08/Oct/2021:11:33:45 +0000] "GET / HTTP/1.1" 200 214 "-" "Mozilla/5.0 (Windows NT 10.0; Win64; x64) AppleWebKit/537.36 (KHTML, like Gecko) Chrome/94.0.4606.71 Safari/537.36 Edg/94.0.992.38"
192.168.3.7 - - [08/Oct/2021:11:33:45 +0000] "GET / HTTP/1.1" 200 214 "-" "Mozilla/5.0 (Windows NT 10.0; Win64; x64) AppleWebKit/537.36 (KHTML, like Gecko) Chrome/94.0.4606.71 Safari/537.36 Edg/94.0.992.38"
192.168.3.7 - - [08/Oct/2021:11:33:45 +0000] "GET / HTTP/1.1" 200 214 "-" "Mozilla/5.0 (Windows NT 10.0; Win64; x64) AppleWebKit/537.36 (KHTML, like Gecko) Chrome/94.0.4606.71 Safari/537.36 Edg/94.0.992.38"
192.168.3.7 - - [08/Oct/2021:11:33:45 +0000] "GET / HTTP/1.1" 200 214 "-" "Mozilla/5.0 (Windows NT 10.0; Win64; x64) AppleWebKit/537.36 (KHTML, like Gecko) Chrome/94.0.4606.71 Safari/537.36 Edg/94.0.992.38"
192.168.3.7 - - [08/Oct/2021:11:33:45 +0000] "GET / HTTP/1.1" 200 214 "-" "Mozilla/5.0 (Windows NT 10.0; Win64; x64) AppleWebKit/537.36 (KHTML, like Gecko) Chrome/94.0.4606.71 Safari/537.36 Edg/94.0.992.38"
192.168.3.7 - - [08/Oct/2021:11:33:45 +0000] "GET / HTTP/1.1" 200 214 "-" "Mozilla/5.0 (Windows NT 10.0; Win64; x64) AppleWebKit/537.36 (KHTML, like Gecko) Chrome/94.0.4606.71 Safari/537.36 Edg/94.0.992.38"
192.168.3.7 - - [08/Oct/2021:11:33:46 +0000] "GET / HTTP/1.1" 200 214 "-" "Mozilla/5.0 (Windows NT 10.0; Win64; x64) AppleWebKit/537.36 (KHTML, like Gecko) Chrome/94.0.4606.71 Safari/537.36 Edg/94.0.992.38"
192.168.3.7 - - [08/Oct/2021:11:33:46 +0000] "GET / HTTP/1.1" 200 214 "-" "Mozilla/5.0 (Windows NT 10.0; Win64; x64) AppleWebKit/537.36 (KHTML, like Gecko) Chrome/94.0.4606.71 Safari/537.36 Edg/94.0.992.38"
192.168.3.7 - - [08/Oct/2021:11:33:46 +0000] "GET / HTTP/1.1" 200 214 "-" "Mozilla/5.0 (Windows NT 10.0; Win64; x64) AppleWebKit/537.36 (KHTML, like Gecko) Chrome/94.0.4606.71 Safari/537.36 Edg/94.0.992.38"
192.168.3.7 - - [08/Oct/2021:11:33:46 +0000] "GET / HTTP/1.1" 200 214 "-" "Mozilla/5.0 (Windows NT 10.0; Win64; x64) AppleWebKit/537.36 (KHTML, like Gecko) Chrome/94.0.4606.71 Safari/537.36 Edg/94.0.992.38"
192.168.3.7 - - [08/Oct/2021:11:34:02 +0000] "GET / HTTP/1.1" 200 215 "-" "Mozilla/5.0 (Windows NT 10.0; Win64; x64) AppleWebKit/537.36 (KHTML, like Gecko) Chrome/94.0.4606.71 Safari/537.36 Edg/94.0.992.38"
192.168.3.7 - - [08/Oct/2021:11:34:02 +0000] "GET / HTTP/1.1" 200 214 "-" "Mozilla/5.0 (Windows NT 10.0; Win64; x64) AppleWebKit/537.36 (KHTML, like Gecko) Chrome/94.0.4606.71 Safari/537.36 Edg/94.0.992.38"
192.168.3.7 - - [08/Oct/2021:11:34:02 +0000] "GET / HTTP/1.1" 200 214 "-" "Mozilla/5.0 (Windows NT 10.0; Win64; x64) AppleWebKit/537.36 (KHTML, like Gecko) Chrome/94.0.4606.71 Safari/537.36 Edg/94.0.992.38"
192.168.3.7 - - [08/Oct/2021:11:34:02 +0000] "GET / HTTP/1.1" 200 214 "-" "Mozilla/5.0 (Windows NT 10.0; Win64; x64) AppleWebKit/537.36 (KHTML, like Gecko) Chrome/94.0.4606.71 Safari/537.36 Edg/94.0.992.38"
192.168.3.5 - - [08/Oct/2021:11:34:03 +0000] "-" 408 0 "-" "-"
192.168.3.7 - - [08/Oct/2021:11:34:08 +0000] "GET / HTTP/1.1" 200 215 "-" "Mozilla/5.0 (Windows NT 10.0; Win64; x64) AppleWebKit/537.36 (KHTML, like Gecko) Chrome/94.0.4606.71 Safari/537.36 Edg/94.0.992.38"
192.168.3.7 - - [08/Oct/2021:11:34:09 +0000] "GET / HTTP/1.1" 200 214 "-" "Mozilla/5.0 (Windows NT 10.0; Win64; x64) AppleWebKit/537.36 (KHTML, like Gecko) Chrome/94.0.4606.71 Safari/537.36 Edg/94.0.992.38"
192.168.3.7 - - [08/Oct/2021:11:34:09 +0000] "GET / HTTP/1.1" 200 214 "-" "Mozilla/5.0 (Windows NT 10.0; Win64; x64) AppleWebKit/537.36 (KHTML, like Gecko) Chrome/94.0.4606.71 Safari/537.36 Edg/94.0.992.38"
192.168.3.7 - - [08/Oct/2021:11:34:09 +0000] "GET / HTTP/1.1" 200 214 "-" "Mozilla/5.0 (Windows NT 10.0; Win64; x64) AppleWebKit/537.36 (KHTML, like Gecko) Chrome/94.0.4606.71 Safari/537.36 Edg/94.0.992.38"
192.168.3.7 - - [08/Oct/2021:11:34:09 +0000] "GET / HTTP/1.1" 200 214 "-" "Mozilla/5.0 (Windows NT 10.0; Win64; x64) AppleWebKit/537.36 (KHTML, like Gecko) Chrome/94.0.4606.71 Safari/537.36 Edg/94.0.992.38"
192.168.3.7 - - [08/Oct/2021:11:34:09 +0000] "GET / HTTP/1.1" 200 214 "-" "Mozilla/5.0 (Windows NT 10.0; Win64; x64) AppleWebKit/537.36 (KHTML, like Gecko) Chrome/94.0.4606.71 Safari/537.36 Edg/94.0.992.38"
192.168.3.7 - - [08/Oct/2021:11:34:09 +0000] "GET / HTTP/1.1" 200 214 "-" "Mozilla/5.0 (Windows NT 10.0; Win64; x64) AppleWebKit/537.36 (KHTML, like Gecko) Chrome/94.0.4606.71 Safari/537.36 Edg/94.0.992.38"
192.168.3.4 - - [08/Oct/2021:11:34:13 +0000] "GET / HTTP/1.1" 200 215 "-" "Mozilla/5.0 (Windows NT 10.0; Win64; x64; rv:92.0) Gecko/20100101 Firefox/92.0"
192.168.3.4 - - [08/Oct/2021:11:34:13 +0000] "GET /favicon.ico HTTP/1.1" 404 491 "http://192.168.3.114/" "Mozilla/5.0 (Windows NT 10.0; Win64; x64; rv:92.0) Gecko/20100101 Firefox/92.0"
192.168.3.4 - - [08/Oct/2021:11:34:16 +0000] "GET /access.log HTTP/1.1" 200 17376 "-" "Mozilla/5.0 (Windows NT 10.0; Win64; x64) AppleWebKit/537.36 (KHTML, like Gecko) Chrome/94.0.4606.71 Safari/537.36"
192.168.3.12 - - [08/Oct/2021:11:34:25 +0000] "-" 408 0 "-" "-"
192.168.3.8 - - [08/Oct/2021:11:34:30 +0000] "-" 408 0 "-" "-"
192.168.3.2 - - [08/Oct/2021:11:34:30 +0000] "-" 408 0 "-" "-"
::1 - - [08/Oct/2021:11:34:33 +0000] "OPTIONS * HTTP/1.0" 200 126 "-" "Apache/2.4.41 (Ubuntu) OpenSSL/1.1.1f (internal dummy connection)"
192.168.3.14 - - [08/Oct/2021:11:34:33 +0000] "-" 408 0 "-" "-"
::1 - - [08/Oct/2021:11:34:36 +0000] "OPTIONS * HTTP/1.0" 200 126 "-" "Apache/2.4.41 (Ubuntu) OpenSSL/1.1.1f (internal dummy connection)"
192.168.3.4 - - [08/Oct/2021:11:34:56 +0000] "GET / HTTP/1.1" 200 215 "-" "Mozilla/5.0 (Windows NT 10.0; Win64; x64) AppleWebKit/537.36 (KHTML, like Gecko) Chrome/92.0.4515.159 Safari/537.36 OPR/78.0.4093.171"
192.168.3.4 - - [08/Oct/2021:11:34:56 +0000] "GET /favicon.ico HTTP/1.1" 404 491 "http://192.168.3.114/" "Mozilla/5.0 (Windows NT 10.0; Win64; x64) AppleWebKit/537.36 (KHTML, like Gecko) Chrome/92.0.4515.159 Safari/537.36 OPR/78.0.4093.171"
192.168.3.2 - - [08/Oct/2021:11:34:58 +0000] "GET /access.log HTTP/1.1" 200 18560 "-" "Mozilla/5.0 (Windows NT 10.0; Win64; x64) AppleWebKit/537.36 (KHTML, like Gecko) Chrome/94.0.4606.71 Safari/537.36"
192.168.3.4 - - [08/Oct/2021:11:34:59 +0000] "GET /access.log HTTP/1.1" 200 18763 "-" "Mozilla/5.0 (Windows NT 10.0; Win64; x64) AppleWebKit/537.36 (KHTML, like Gecko) Chrome/94.0.4606.71 Safari/537.36"
192.168.3.7 - - [08/Oct/2021:11:35:00 +0000] "-" 408 0 "-" "-"
192.168.3.4 - - [08/Oct/2021:11:35:19 +0000] "GET /favicon.ico HTTP/1.1" 404 492 "http://192.168.3.114/" "Mozilla/5.0 (Windows NT 10.0; Win64; x64) AppleWebKit/537.36 (KHTML, like Gecko) Chrome/92.0.4515.159 Safari/537.36 OPR/78.0.4093.171"
192.168.3.8 - - [08/Oct/2021:11:35:44 +0000] "GET / HTTP/1.1" 200 215 "-" "Mozilla/5.0 (Windows NT 10.0; Win64; x64) AppleWebKit/537.36 (KHTML, like Gecko) Chrome/94.0.4606.71 Safari/537.36"
192.168.3.8 - - [08/Oct/2021:11:35:44 +0000] "GET / HTTP/1.1" 200 214 "-" "Mozilla/5.0 (Windows NT 10.0; Win64; x64) AppleWebKit/537.36 (KHTML, like Gecko) Chrome/94.0.4606.71 Safari/537.36"
192.168.3.14 - - [08/Oct/2021:11:35:49 +0000] "GET /hola.html HTTP/1.1" 404 492 "-" "Mozilla/5.0 (Windows NT 10.0; Win64; x64) AppleWebKit/537.36 (KHTML, like Gecko) Chrome/94.0.4606.71 Safari/537.36"
192.168.3.2 - - [08/Oct/2021:11:35:49 +0000] "-" 408 0 "-" "-"
192.168.3.7 - - [08/Oct/2021:11:35:50 +0000] "GET /HERACLIO HTTP/1.1" 404 492 "-" "Mozilla/5.0 (Windows NT 10.0; Win64; x64) AppleWebKit/537.36 (KHTML, like Gecko) Chrome/94.0.4606.71 Safari/537.36 Edg/94.0.992.38"
192.168.3.4 - - [08/Oct/2021:11:35:50 +0000] "-" 408 0 "-" "-"
192.168.3.8 - - [08/Oct/2021:11:35:52 +0000] "GET /hola HTTP/1.1" 404 492 "-" "Mozilla/5.0 (Windows NT 10.0; Win64; x64) AppleWebKit/537.36 (KHTML, like Gecko) Chrome/94.0.4606.71 Safari/537.36"
192.168.3.7 - - [08/Oct/2021:11:35:54 +0000] "GET /HERACLIO HTTP/1.1" 404 491 "-" "Mozilla/5.0 (Windows NT 10.0; Win64; x64) AppleWebKit/537.36 (KHTML, like Gecko) Chrome/94.0.4606.71 Safari/537.36 Edg/94.0.992.38"
192.168.3.14 - - [08/Oct/2021:11:35:55 +0000] "GET /error.log HTTP/1.1" 200 256 "-" "Mozilla/5.0 (Windows NT 10.0; Win64; x64) AppleWebKit/537.36 (KHTML, like Gecko) Chrome/94.0.4606.71 Safari/537.36"
192.168.3.8 - - [08/Oct/2021:11:35:58 +0000] "GET /hola HTTP/1.1" 404 492 "-" "Mozilla/5.0 (Windows NT 10.0; Win64; x64) AppleWebKit/537.36 (KHTML, like Gecko) Chrome/94.0.4606.71 Safari/537.36"
192.168.3.8 - - [08/Oct/2021:11:35:58 +0000] "GET /hola HTTP/1.1" 404 491 "-" "Mozilla/5.0 (Windows NT 10.0; Win64; x64) AppleWebKit/537.36 (KHTML, like Gecko) Chrome/94.0.4606.71 Safari/537.36"
192.168.3.8 - - [08/Oct/2021:11:35:58 +0000] "GET /hola HTTP/1.1" 404 491 "-" "Mozilla/5.0 (Windows NT 10.0; Win64; x64) AppleWebKit/537.36 (KHTML, like Gecko) Chrome/94.0.4606.71 Safari/537.36"
192.168.3.8 - - [08/Oct/2021:11:35:59 +0000] "GET /hola HTTP/1.1" 404 491 "-" "Mozilla/5.0 (Windows NT 10.0; Win64; x64) AppleWebKit/537.36 (KHTML, like Gecko) Chrome/94.0.4606.71 Safari/537.36"
192.168.3.8 - - [08/Oct/2021:11:35:59 +0000] "GET /hola HTTP/1.1" 404 491 "-" "Mozilla/5.0 (Windows NT 10.0; Win64; x64) AppleWebKit/537.36 (KHTML, like Gecko) Chrome/94.0.4606.71 Safari/537.36"
192.168.3.8 - - [08/Oct/2021:11:35:59 +0000] "GET /hola HTTP/1.1" 404 491 "-" "Mozilla/5.0 (Windows NT 10.0; Win64; x64) AppleWebKit/537.36 (KHTML, like Gecko) Chrome/94.0.4606.71 Safari/537.36"
192.168.3.8 - - [08/Oct/2021:11:35:59 +0000] "GET /hola HTTP/1.1" 404 491 "-" "Mozilla/5.0 (Windows NT 10.0; Win64; x64) AppleWebKit/537.36 (KHTML, like Gecko) Chrome/94.0.4606.71 Safari/537.36"
192.168.3.14 - - [08/Oct/2021:11:36:07 +0000] "GET /access.log HTTP/1.1" 200 22170 "-" "Mozilla/5.0 (Windows NT 10.0; Win64; x64) AppleWebKit/537.36 (KHTML, like Gecko) Chrome/94.0.4606.71 Safari/537.36"
192.168.3.4 - - [08/Oct/2021:11:36:09 +0000] "-" 408 0 "-" "-"
::1 - - [08/Oct/2021:11:36:15 +0000] "OPTIONS * HTTP/1.0" 200 126 "-" "Apache/2.4.41 (Ubuntu) OpenSSL/1.1.1f (internal dummy connection)"
192.168.3.7 - - [08/Oct/2021:11:36:42 +0000] "-" 408 0 "-" "-"
192.168.3.8 - - [08/Oct/2021:11:36:50 +0000] "-" 408 0 "-" "-"
192.168.3.14 - - [08/Oct/2021:11:36:59 +0000] "-" 408 0 "-" "-"
192.168.3.8 - - [08/Oct/2021:11:37:24 +0000] "GET / HTTP/1.1" 200 215 "-" "Mozilla/5.0 (Windows NT 10.0; Win64; x64) AppleWebKit/537.36 (KHTML, like Gecko) Chrome/94.0.4606.71 Safari/537.36"
192.168.3.14 - - [08/Oct/2021:11:37:53 +0000] "GET /access.log HTTP/1.1" 200 22956 "-" "Mozilla/5.0 (Windows NT 10.0; Win64; x64) AppleWebKit/537.36 (KHTML, like Gecko) Chrome/94.0.4606.71 Safari/537.36"
192.168.3.7 - - [08/Oct/2021:11:38:14 +0000] "GET / HTTP/1.1" 200 215 "-" "Mozilla/5.0 (Windows NT 10.0; Win64; x64) AppleWebKit/537.36 (KHTML, like Gecko) Chrome/94.0.4606.71 Safari/537.36 Edg/94.0.992.38"
192.168.3.8 - - [08/Oct/2021:11:38:16 +0000] "-" 408 0 "-" "-"
192.168.3.14 - - [08/Oct/2021:11:38:45 +0000] "-" 408 0 "-" "-"
192.168.3.7 - - [08/Oct/2021:11:39:05 +0000] "-" 408 0 "-" "-"
192.168.3.14 - - [08/Oct/2021:11:42:21 +0000] "GET / HTTP/1.1" 200 215 "-" "Mozilla/5.0 (Windows NT 10.0; Win64; x64) AppleWebKit/537.36 (KHTML, like Gecko) Chrome/94.0.4606.71 Safari/537.36"
192.168.3.14 - - [08/Oct/2021:11:43:13 +0000] "-" 408 0 "-" "-"
192.168.3.4 - - [08/Oct/2021:11:43:25 +0000] "GET /favicon.ico HTTP/1.1" 404 492 "http://192.168.3.114/" "Mozilla/5.0 (Windows NT 10.0; Win64; x64) AppleWebKit/537.36 (KHTML, like Gecko) Chrome/92.0.4515.159 Safari/537.36 OPR/78.0.4093.171"
192.168.3.3 - - [08/Oct/2021:11:44:01 +0000] "GET /access.log HTTP/1.1" 200 24054 "-" "Mozilla/5.0 (Windows NT 10.0; Win64; x64) AppleWebKit/537.36 (KHTML, like Gecko) Chrome/94.0.4606.71 Safari/537.36"
192.168.3.14 - - [08/Oct/2021:11:44:07 +0000] "-" 408 0 "-" "-"
192.168.3.14 - - [08/Oct/2021:11:44:56 +0000] "-" 408 0 "-" "-"
192.168.3.14 - - [13/Oct/2021:10:08:03 +0000] "GET /todo_list.php HTTP/1.1" 200 390 "-" "Mozilla/5.0 (Windows NT 10.0; Win64; x64) AppleWebKit/537.36 (KHTML, like Gecko) Chrome/94.0.4606.81 Safari/537.36"
192.168.3.14 - - [13/Oct/2021:10:08:03 +0000] "GET /favicon.ico HTTP/1.1" 404 491 "http://192.168.3.114/todo_list.php" "Mozilla/5.0 (Windows NT 10.0; Win64; x64) AppleWebKit/537.36 (KHTML, like Gecko) Chrome/94.0.4606.81 Safari/537.36"
192.168.3.14 - - [13/Oct/2021:10:08:55 +0000] "-" 408 0 "-" "-"
192.168.3.14 - - [13/Oct/2021:10:10:03 +0000] "GET /todo_list.php HTTP/1.1" 200 390 "-" "Mozilla/5.0 (Windows NT 10.0; Win64; x64) AppleWebKit/537.36 (KHTML, like Gecko) Chrome/94.0.4606.81 Safari/537.36"
192.168.3.14 - - [13/Oct/2021:10:10:04 +0000] "GET /todo_list.php HTTP/1.1" 200 389 "-" "Mozilla/5.0 (Windows NT 10.0; Win64; x64) AppleWebKit/537.36 (KHTML, like Gecko) Chrome/94.0.4606.81 Safari/537.36"
192.168.3.14 - - [13/Oct/2021:10:10:55 +0000] "-" 408 0 "-" "-"
192.168.3.14 - - [13/Oct/2021:10:14:06 +0000] "GET /todo_list.php HTTP/1.1" 200 390 "-" "Mozilla/5.0 (Windows NT 10.0; Win64; x64) AppleWebKit/537.36 (KHTML, like Gecko) Chrome/94.0.4606.81 Safari/537.36"
192.168.3.14 - - [13/Oct/2021:10:14:07 +0000] "GET /todo_list.php HTTP/1.1" 200 389 "-" "Mozilla/5.0 (Windows NT 10.0; Win64; x64) AppleWebKit/537.36 (KHTML, like Gecko) Chrome/94.0.4606.81 Safari/537.36"
192.168.3.14 - - [13/Oct/2021:10:14:07 +0000] "GET /todo_list.php HTTP/1.1" 200 389 "-" "Mozilla/5.0 (Windows NT 10.0; Win64; x64) AppleWebKit/537.36 (KHTML, like Gecko) Chrome/94.0.4606.81 Safari/537.36"
192.168.3.14 - - [13/Oct/2021:10:14:07 +0000] "GET /todo_list.php HTTP/1.1" 200 389 "-" "Mozilla/5.0 (Windows NT 10.0; Win64; x64) AppleWebKit/537.36 (KHTML, like Gecko) Chrome/94.0.4606.81 Safari/537.36"
192.168.3.14 - - [13/Oct/2021:10:14:07 +0000] "GET /todo_list.php HTTP/1.1" 200 389 "-" "Mozilla/5.0 (Windows NT 10.0; Win64; x64) AppleWebKit/537.36 (KHTML, like Gecko) Chrome/94.0.4606.81 Safari/537.36"
192.168.3.14 - - [13/Oct/2021:10:14:07 +0000] "GET /todo_list.php HTTP/1.1" 200 389 "-" "Mozilla/5.0 (Windows NT 10.0; Win64; x64) AppleWebKit/537.36 (KHTML, like Gecko) Chrome/94.0.4606.81 Safari/537.36"
192.168.3.14 - - [13/Oct/2021:10:14:58 +0000] "-" 408 0 "-" "-"
192.168.3.14 - - [13/Oct/2021:10:14:58 +0000] "GET /todo_list.php HTTP/1.1" 200 390 "-" "Mozilla/5.0 (Windows NT 10.0; Win64; x64) AppleWebKit/537.36 (KHTML, like Gecko) Chrome/94.0.4606.81 Safari/537.36"
192.168.3.14 - - [13/Oct/2021:10:14:58 +0000] "GET /todo_list.php HTTP/1.1" 200 389 "-" "Mozilla/5.0 (Windows NT 10.0; Win64; x64) AppleWebKit/537.36 (KHTML, like Gecko) Chrome/94.0.4606.81 Safari/537.36"
192.168.3.14 - - [13/Oct/2021:10:14:58 +0000] "GET /todo_list.php HTTP/1.1" 200 389 "-" "Mozilla/5.0 (Windows NT 10.0; Win64; x64) AppleWebKit/537.36 (KHTML, like Gecko) Chrome/94.0.4606.81 Safari/537.36"
192.168.3.14 - - [13/Oct/2021:10:14:58 +0000] "GET /todo_list.php HTTP/1.1" 200 389 "-" "Mozilla/5.0 (Windows NT 10.0; Win64; x64) AppleWebKit/537.36 (KHTML, like Gecko) Chrome/94.0.4606.81 Safari/537.36"
192.168.3.14 - - [13/Oct/2021:10:14:59 +0000] "GET /todo_list.php HTTP/1.1" 200 389 "-" "Mozilla/5.0 (Windows NT 10.0; Win64; x64) AppleWebKit/537.36 (KHTML, like Gecko) Chrome/94.0.4606.81 Safari/537.36"
192.168.3.14 - - [13/Oct/2021:10:15:49 +0000] "-" 408 0 "-" "-"
192.168.3.14 - - [13/Oct/2021:10:16:33 +0000] "GET /todo_list.php HTTP/1.1" 200 390 "-" "Mozilla/5.0 (Windows NT 10.0; Win64; x64) AppleWebKit/537.36 (KHTML, like Gecko) Chrome/94.0.4606.81 Safari/537.36"
192.168.3.14 - - [13/Oct/2021:10:16:33 +0000] "GET /todo_list.php HTTP/1.1" 200 389 "-" "Mozilla/5.0 (Windows NT 10.0; Win64; x64) AppleWebKit/537.36 (KHTML, like Gecko) Chrome/94.0.4606.81 Safari/537.36"
192.168.3.14 - - [13/Oct/2021:10:17:24 +0000] "-" 408 0 "-" "-"
192.168.3.14 - - [13/Oct/2021:10:17:42 +0000] "GET /todo_list.php HTTP/1.1" 200 390 "-" "Mozilla/5.0 (Windows NT 10.0; Win64; x64) AppleWebKit/537.36 (KHTML, like Gecko) Chrome/94.0.4606.81 Safari/537.36"
192.168.3.14 - - [13/Oct/2021:10:17:43 +0000] "GET /todo_list.php HTTP/1.1" 200 389 "-" "Mozilla/5.0 (Windows NT 10.0; Win64; x64) AppleWebKit/537.36 (KHTML, like Gecko) Chrome/94.0.4606.81 Safari/537.36"
192.168.3.14 - - [13/Oct/2021:10:17:43 +0000] "GET /todo_list.php HTTP/1.1" 200 389 "-" "Mozilla/5.0 (Windows NT 10.0; Win64; x64) AppleWebKit/537.36 (KHTML, like Gecko) Chrome/94.0.4606.81 Safari/537.36"
192.168.3.14 - - [13/Oct/2021:10:17:43 +0000] "GET /todo_list.php HTTP/1.1" 200 389 "-" "Mozilla/5.0 (Windows NT 10.0; Win64; x64) AppleWebKit/537.36 (KHTML, like Gecko) Chrome/94.0.4606.81 Safari/537.36"
192.168.3.14 - - [13/Oct/2021:10:18:34 +0000] "-" 408 0 "-" "-"
192.168.3.14 - - [13/Oct/2021:10:18:35 +0000] "GET /todo_list.php HTTP/1.1" 200 390 "-" "Mozilla/5.0 (Windows NT 10.0; Win64; x64) AppleWebKit/537.36 (KHTML, like Gecko) Chrome/94.0.4606.81 Safari/537.36"
192.168.3.14 - - [13/Oct/2021:10:18:36 +0000] "GET /todo_list.php HTTP/1.1" 200 389 "-" "Mozilla/5.0 (Windows NT 10.0; Win64; x64) AppleWebKit/537.36 (KHTML, like Gecko) Chrome/94.0.4606.81 Safari/537.36"
192.168.3.14 - - [13/Oct/2021:10:18:36 +0000] "GET /todo_list.php HTTP/1.1" 200 389 "-" "Mozilla/5.0 (Windows NT 10.0; Win64; x64) AppleWebKit/537.36 (KHTML, like Gecko) Chrome/94.0.4606.81 Safari/537.36"
192.168.3.14 - - [13/Oct/2021:10:18:36 +0000] "GET /todo_list.php HTTP/1.1" 200 389 "-" "Mozilla/5.0 (Windows NT 10.0; Win64; x64) AppleWebKit/537.36 (KHTML, like Gecko) Chrome/94.0.4606.81 Safari/537.36"
192.168.3.14 - - [13/Oct/2021:10:19:24 +0000] "GET /todo_list.php HTTP/1.1" 200 390 "-" "Mozilla/5.0 (Windows NT 10.0; Win64; x64) AppleWebKit/537.36 (KHTML, like Gecko) Chrome/94.0.4606.81 Safari/537.36"
192.168.3.14 - - [13/Oct/2021:10:19:24 +0000] "GET /todo_list.php HTTP/1.1" 200 389 "-" "Mozilla/5.0 (Windows NT 10.0; Win64; x64) AppleWebKit/537.36 (KHTML, like Gecko) Chrome/94.0.4606.81 Safari/537.36"
192.168.3.14 - - [13/Oct/2021:10:19:25 +0000] "GET /todo_list.php HTTP/1.1" 200 389 "-" "Mozilla/5.0 (Windows NT 10.0; Win64; x64) AppleWebKit/537.36 (KHTML, like Gecko) Chrome/94.0.4606.81 Safari/537.36"
192.168.3.14 - - [13/Oct/2021:10:19:25 +0000] "GET /todo_list.php HTTP/1.1" 200 389 "-" "Mozilla/5.0 (Windows NT 10.0; Win64; x64) AppleWebKit/537.36 (KHTML, like Gecko) Chrome/94.0.4606.81 Safari/537.36"
192.168.3.14 - - [13/Oct/2021:10:19:34 +0000] "GET /todo_list.php HTTP/1.1" 200 390 "-" "Mozilla/5.0 (Windows NT 10.0; Win64; x64) AppleWebKit/537.36 (KHTML, like Gecko) Chrome/94.0.4606.81 Safari/537.36"
192.168.3.14 - - [13/Oct/2021:10:19:35 +0000] "GET /todo_list.php HTTP/1.1" 200 389 "-" "Mozilla/5.0 (Windows NT 10.0; Win64; x64) AppleWebKit/537.36 (KHTML, like Gecko) Chrome/94.0.4606.81 Safari/537.36"
192.168.3.14 - - [13/Oct/2021:10:19:35 +0000] "GET /todo_list.php HTTP/1.1" 200 389 "-" "Mozilla/5.0 (Windows NT 10.0; Win64; x64) AppleWebKit/537.36 (KHTML, like Gecko) Chrome/94.0.4606.81 Safari/537.36"
192.168.3.14 - - [13/Oct/2021:10:19:35 +0000] "GET /todo_list.php HTTP/1.1" 200 389 "-" "Mozilla/5.0 (Windows NT 10.0; Win64; x64) AppleWebKit/537.36 (KHTML, like Gecko) Chrome/94.0.4606.81 Safari/537.36"
192.168.3.14 - - [13/Oct/2021:10:19:35 +0000] "GET /todo_list.php HTTP/1.1" 200 389 "-" "Mozilla/5.0 (Windows NT 10.0; Win64; x64) AppleWebKit/537.36 (KHTML, like Gecko) Chrome/94.0.4606.81 Safari/537.36"
192.168.3.14 - - [13/Oct/2021:10:19:35 +0000] "GET /todo_list.php HTTP/1.1" 200 389 "-" "Mozilla/5.0 (Windows NT 10.0; Win64; x64) AppleWebKit/537.36 (KHTML, like Gecko) Chrome/94.0.4606.81 Safari/537.36"
192.168.3.14 - - [13/Oct/2021:10:20:26 +0000] "-" 408 0 "-" "-"
192.168.3.14 - - [15/Oct/2021:11:05:17 +0000] "GET / HTTP/1.1" 200 215 "-" "Mozilla/5.0 (Windows NT 10.0; Win64; x64) AppleWebKit/537.36 (KHTML, like Gecko) Chrome/94.0.4606.81 Safari/537.36"
192.168.3.14 - - [15/Oct/2021:11:05:20 +0000] "GET /favicon.ico HTTP/1.1" 404 491 "http://192.168.3.114/" "Mozilla/5.0 (Windows NT 10.0; Win64; x64) AppleWebKit/537.36 (KHTML, like Gecko) Chrome/94.0.4606.81 Safari/537.36"
192.168.3.100 - - [15/Oct/2021:11:05:28 +0000] "GET /phpmyadmin HTTP/1.1" 404 492 "-" "Mozilla/5.0 (Windows NT 10.0; Win64; x64) AppleWebKit/537.36 (KHTML, like Gecko) Chrome/94.0.4606.81 Safari/537.36 Edg/94.0.992.47"
192.168.3.100 - - [15/Oct/2021:11:05:28 +0000] "GET /favicon.ico HTTP/1.1" 404 491 "http://192.168.3.114/phpmyadmin" "Mozilla/5.0 (Windows NT 10.0; Win64; x64) AppleWebKit/537.36 (KHTML, like Gecko) Chrome/94.0.4606.81 Safari/537.36 Edg/94.0.992.47"
192.168.3.14 - - [15/Oct/2021:11:05:29 +0000] "GET /phpmyadmin HTTP/1.1" 404 492 "-" "Mozilla/5.0 (Windows NT 10.0; Win64; x64) AppleWebKit/537.36 (KHTML, like Gecko) Chrome/94.0.4606.81 Safari/537.36"
192.168.3.100 - - [15/Oct/2021:11:05:37 +0000] "GET / HTTP/1.1" 200 215 "-" "Mozilla/5.0 (Windows NT 10.0; Win64; x64) AppleWebKit/537.36 (KHTML, like Gecko) Chrome/94.0.4606.81 Safari/537.36 Edg/94.0.992.47"
192.168.3.14 - - [15/Oct/2021:11:06:21 +0000] "-" 408 0 "-" "-"
192.168.3.100 - - [15/Oct/2021:11:06:29 +0000] "-" 408 0 "-" "-"
192.168.3.14 - - [15/Oct/2021:11:11:18 +0000] "GET /phpmyadmin HTTP/1.1" 301 588 "-" "Mozilla/5.0 (Windows NT 10.0; Win64; x64) AppleWebKit/537.36 (KHTML, like Gecko) Chrome/94.0.4606.81 Safari/537.36"
192.168.3.14 - - [15/Oct/2021:11:11:18 +0000] "GET /phpmyadmin/ HTTP/1.1" 200 5354 "-" "Mozilla/5.0 (Windows NT 10.0; Win64; x64) AppleWebKit/537.36 (KHTML, like Gecko) Chrome/94.0.4606.81 Safari/537.36"
192.168.3.14 - - [15/Oct/2021:11:11:19 +0000] "GET /phpmyadmin/js/vendor/codemirror/lib/codemirror.css?v=4.9.5deb2 HTTP/1.1" 200 2880 "-" "Mozilla/5.0 (Windows NT 10.0; Win64; x64) AppleWebKit/537.36 (KHTML, like Gecko) Chrome/94.0.4606.81 Safari/537.36"
192.168.3.14 - - [15/Oct/2021:11:11:19 +0000] "GET /phpmyadmin/js/vendor/codemirror/addon/lint/lint.css?v=4.9.5deb2 HTTP/1.1" 200 1604 "-" "Mozilla/5.0 (Windows NT 10.0; Win64; x64) AppleWebKit/537.36 (KHTML, like Gecko) Chrome/94.0.4606.81 Safari/537.36"
192.168.3.14 - - [15/Oct/2021:11:11:19 +0000] "GET /phpmyadmin/js/vendor/jquery/jquery-migrate.js?v=4.9.5deb2 HTTP/1.1" 200 6505 "-" "Mozilla/5.0 (Windows NT 10.0; Win64; x64) AppleWebKit/537.36 (KHTML, like Gecko) Chrome/94.0.4606.81 Safari/537.36"
192.168.3.14 - - [15/Oct/2021:11:11:19 +0000] "GET /phpmyadmin/js/vendor/codemirror/addon/hint/show-hint.css?v=4.9.5deb2 HTTP/1.1" 200 660 "-" "Mozilla/5.0 (Windows NT 10.0; Win64; x64) AppleWebKit/537.36 (KHTML, like Gecko) Chrome/94.0.4606.81 Safari/537.36"
192.168.3.14 - - [15/Oct/2021:11:11:19 +0000] "GET /phpmyadmin/themes/pmahomme/jquery/jquery-ui.css HTTP/1.1" 200 8823 "-" "Mozilla/5.0 (Windows NT 10.0; Win64; x64) AppleWebKit/537.36 (KHTML, like Gecko) Chrome/94.0.4606.81 Safari/537.36"
192.168.3.14 - - [15/Oct/2021:11:11:19 +0000] "GET /phpmyadmin/js/ajax.js?v=4.9.5deb2 HTTP/1.1" 200 8002 "-" "Mozilla/5.0 (Windows NT 10.0; Win64; x64) AppleWebKit/537.36 (KHTML, like Gecko) Chrome/94.0.4606.81 Safari/537.36"
192.168.3.14 - - [15/Oct/2021:11:11:19 +0000] "GET /phpmyadmin/js/vendor/sprintf.js?v=4.9.5deb2 HTTP/1.1" 200 2900 "-" "Mozilla/5.0 (Windows NT 10.0; Win64; x64) AppleWebKit/537.36 (KHTML, like Gecko) Chrome/94.0.4606.81 Safari/537.36"
192.168.3.14 - - [15/Oct/2021:11:11:19 +0000] "GET /phpmyadmin/js/keyhandler.js?v=4.9.5deb2 HTTP/1.1" 200 1421 "-" "Mozilla/5.0 (Windows NT 10.0; Win64; x64) AppleWebKit/537.36 (KHTML, like Gecko) Chrome/94.0.4606.81 Safari/537.36"
192.168.3.14 - - [15/Oct/2021:11:11:19 +0000] "GET /phpmyadmin/js/vendor/js.cookie.js?v=4.9.5deb2 HTTP/1.1" 200 1876 "-" "Mozilla/5.0 (Windows NT 10.0; Win64; x64) AppleWebKit/537.36 (KHTML, like Gecko) Chrome/94.0.4606.81 Safari/537.36"
192.168.3.14 - - [15/Oct/2021:11:11:19 +0000] "GET /phpmyadmin/js/vendor/jquery/jquery.mousewheel.js?v=4.9.5deb2 HTTP/1.1" 200 2901 "-" "Mozilla/5.0 (Windows NT 10.0; Win64; x64) AppleWebKit/537.36 (KHTML, like Gecko) Chrome/94.0.4606.81 Safari/537.36"
192.168.3.14 - - [15/Oct/2021:11:11:19 +0000] "GET /phpmyadmin/js/vendor/jquery/jquery.validate.js?v=4.9.5deb2 HTTP/1.1" 200 13883 "-" "Mozilla/5.0 (Windows NT 10.0; Win64; x64) AppleWebKit/537.36 (KHTML, like Gecko) Chrome/94.0.4606.81 Safari/537.36"
192.168.3.14 - - [15/Oct/2021:11:11:19 +0000] "GET /phpmyadmin/js/vendor/jquery/jquery.event.drag-2.2.js?v=4.9.5deb2 HTTP/1.1" 200 4588 "-" "Mozilla/5.0 (Windows NT 10.0; Win64; x64) AppleWebKit/537.36 (KHTML, like Gecko) Chrome/94.0.4606.81 Safari/537.36"
192.168.3.14 - - [15/Oct/2021:11:11:19 +0000] "GET /phpmyadmin/js/vendor/jquery/jquery.ba-hashchange-1.3.js?v=4.9.5deb2 HTTP/1.1" 200 5684 "-" "Mozilla/5.0 (Windows NT 10.0; Win64; x64) AppleWebKit/537.36 (KHTML, like Gecko) Chrome/94.0.4606.81 Safari/537.36"
192.168.3.14 - - [15/Oct/2021:11:11:19 +0000] "GET /phpmyadmin/js/vendor/jquery/jquery.debounce-1.0.5.js?v=4.9.5deb2 HTTP/1.1" 200 878 "-" "Mozilla/5.0 (Windows NT 10.0; Win64; x64) AppleWebKit/537.36 (KHTML, like Gecko) Chrome/94.0.4606.81 Safari/537.36"
192.168.3.14 - - [15/Oct/2021:11:11:19 +0000] "GET /phpmyadmin/js/menu-resizer.js?v=4.9.5deb2 HTTP/1.1" 200 2646 "-" "Mozilla/5.0 (Windows NT 10.0; Win64; x64) AppleWebKit/537.36 (KHTML, like Gecko) Chrome/94.0.4606.81 Safari/537.36"
192.168.3.14 - - [15/Oct/2021:11:11:19 +0000] "GET /phpmyadmin/js/cross_framing_protection.js?v=4.9.5deb2 HTTP/1.1" 200 651 "-" "Mozilla/5.0 (Windows NT 10.0; Win64; x64) AppleWebKit/537.36 (KHTML, like Gecko) Chrome/94.0.4606.81 Safari/537.36"
192.168.3.14 - - [15/Oct/2021:11:11:19 +0000] "GET /phpmyadmin/js/vendor/jquery/jquery-ui.min.js?v=4.9.5deb2 HTTP/1.1" 200 68178 "-" "Mozilla/5.0 (Windows NT 10.0; Win64; x64) AppleWebKit/537.36 (KHTML, like Gecko) Chrome/94.0.4606.81 Safari/537.36"
192.168.3.14 - - [15/Oct/2021:11:11:19 +0000] "GET /phpmyadmin/js/vendor/jquery/jquery-ui-timepicker-addon.js?v=4.9.5deb2 HTTP/1.1" 200 19282 "-" "Mozilla/5.0 (Windows NT 10.0; Win64; x64) AppleWebKit/537.36 (KHTML, like Gecko) Chrome/94.0.4606.81 Safari/537.36"
192.168.3.14 - - [15/Oct/2021:11:11:19 +0000] "GET /phpmyadmin/js/rte.js?v=4.9.5deb2 HTTP/1.1" 200 8735 "-" "Mozilla/5.0 (Windows NT 10.0; Win64; x64) AppleWebKit/537.36 (KHTML, like Gecko) Chrome/94.0.4606.81 Safari/537.36"
192.168.3.14 - - [15/Oct/2021:11:11:19 +0000] "GET /phpmyadmin/js/error_report.js?v=4.9.5deb2 HTTP/1.1" 200 3022 "-" "Mozilla/5.0 (Windows NT 10.0; Win64; x64) AppleWebKit/537.36 (KHTML, like Gecko) Chrome/94.0.4606.81 Safari/537.36"
192.168.3.14 - - [15/Oct/2021:11:11:19 +0000] "GET /phpmyadmin/js/config.js?v=4.9.5deb2 HTTP/1.1" 200 7108 "-" "Mozilla/5.0 (Windows NT 10.0; Win64; x64) AppleWebKit/537.36 (KHTML, like Gecko) Chrome/94.0.4606.81 Safari/537.36"
192.168.3.14 - - [15/Oct/2021:11:11:19 +0000] "GET /phpmyadmin/js/doclinks.js?v=4.9.5deb2 HTTP/1.1" 200 4114 "-" "Mozilla/5.0 (Windows NT 10.0; Win64; x64) AppleWebKit/537.36 (KHTML, like Gecko) Chrome/94.0.4606.81 Safari/537.36"
192.168.3.14 - - [15/Oct/2021:11:11:19 +0000] "GET /phpmyadmin/js/vendor/tracekit.js?v=4.9.5deb2 HTTP/1.1" 200 11733 "-" "Mozilla/5.0 (Windows NT 10.0; Win64; x64) AppleWebKit/537.36 (KHTML, like Gecko) Chrome/94.0.4606.81 Safari/537.36"
192.168.3.14 - - [15/Oct/2021:11:11:19 +0000] "GET /phpmyadmin/js/navigation.js?v=4.9.5deb2 HTTP/1.1" 200 12422 "-" "Mozilla/5.0 (Windows NT 10.0; Win64; x64) AppleWebKit/537.36 (KHTML, like Gecko) Chrome/94.0.4606.81 Safari/537.36"
192.168.3.14 - - [15/Oct/2021:11:11:19 +0000] "GET /phpmyadmin/js/indexes.js?v=4.9.5deb2 HTTP/1.1" 200 6566 "-" "Mozilla/5.0 (Windows NT 10.0; Win64; x64) AppleWebKit/537.36 (KHTML, like Gecko) Chrome/94.0.4606.81 Safari/537.36"
192.168.3.14 - - [15/Oct/2021:11:11:19 +0000] "GET /phpmyadmin/js/common.js?v=4.9.5deb2 HTTP/1.1" 200 5087 "-" "Mozilla/5.0 (Windows NT 10.0; Win64; x64) AppleWebKit/537.36 (KHTML, like Gecko) Chrome/94.0.4606.81 Safari/537.36"
192.168.3.14 - - [15/Oct/2021:11:11:19 +0000] "GET /phpmyadmin/js/page_settings.js?v=4.9.5deb2 HTTP/1.1" 200 988 "-" "Mozilla/5.0 (Windows NT 10.0; Win64; x64) AppleWebKit/537.36 (KHTML, like Gecko) Chrome/94.0.4606.81 Safari/537.36"
192.168.3.14 - - [15/Oct/2021:11:11:19 +0000] "GET /phpmyadmin/js/shortcuts_handler.js?v=4.9.5deb2 HTTP/1.1" 200 1082 "-" "Mozilla/5.0 (Windows NT 10.0; Win64; x64) AppleWebKit/537.36 (KHTML, like Gecko) Chrome/94.0.4606.81 Safari/537.36"
192.168.3.14 - - [15/Oct/2021:11:11:19 +0000] "GET /phpmyadmin/phpmyadmin.css.php?nocache=4755212520ltr&server=1 HTTP/1.1" 200 21501 "-" "Mozilla/5.0 (Windows NT 10.0; Win64; x64) AppleWebKit/537.36 (KHTML, like Gecko) Chrome/94.0.4606.81 Safari/537.36"
192.168.3.14 - - [15/Oct/2021:11:11:19 +0000] "GET /phpmyadmin/js/vendor/codemirror/mode/sql/sql.js?v=4.9.5deb2 HTTP/1.1" 200 13636 "-" "Mozilla/5.0 (Windows NT 10.0; Win64; x64) AppleWebKit/537.36 (KHTML, like Gecko) Chrome/94.0.4606.81 Safari/537.36"
192.168.3.14 - - [15/Oct/2021:11:11:19 +0000] "GET /phpmyadmin/js/messages.php?l=es&v=4.9.5deb2&lang=es HTTP/1.1" 200 10469 "-" "Mozilla/5.0 (Windows NT 10.0; Win64; x64) AppleWebKit/537.36 (KHTML, like Gecko) Chrome/94.0.4606.81 Safari/537.36"
192.168.3.14 - - [15/Oct/2021:11:11:19 +0000] "GET /phpmyadmin/js/whitelist.php?v=4.9.5deb2&lang=es HTTP/1.1" 200 1157 "-" "Mozilla/5.0 (Windows NT 10.0; Win64; x64) AppleWebKit/537.36 (KHTML, like Gecko) Chrome/94.0.4606.81 Safari/537.36"
192.168.3.14 - - [15/Oct/2021:11:11:19 +0000] "GET /phpmyadmin/js/vendor/codemirror/addon/runmode/runmode.js?v=4.9.5deb2 HTTP/1.1" 200 1390 "-" "Mozilla/5.0 (Windows NT 10.0; Win64; x64) AppleWebKit/537.36 (KHTML, like Gecko) Chrome/94.0.4606.81 Safari/537.36"
192.168.3.14 - - [15/Oct/2021:11:11:19 +0000] "GET /phpmyadmin/js/vendor/codemirror/addon/lint/lint.js?v=4.9.5deb2 HTTP/1.1" 200 2933 "-" "Mozilla/5.0 (Windows NT 10.0; Win64; x64) AppleWebKit/537.36 (KHTML, like Gecko) Chrome/94.0.4606.81 Safari/537.36"
192.168.3.14 - - [15/Oct/2021:11:11:19 +0000] "GET /phpmyadmin/js/codemirror/addon/lint/sql-lint.js?v=4.9.5deb2 HTTP/1.1" 200 782 "-" "Mozilla/5.0 (Windows NT 10.0; Win64; x64) AppleWebKit/537.36 (KHTML, like Gecko) Chrome/94.0.4606.81 Safari/537.36"
192.168.3.14 - - [15/Oct/2021:11:11:19 +0000] "GET /phpmyadmin/js/vendor/codemirror/addon/hint/sql-hint.js?v=4.9.5deb2 HTTP/1.1" 200 3090 "-" "Mozilla/5.0 (Windows NT 10.0; Win64; x64) AppleWebKit/537.36 (KHTML, like Gecko) Chrome/94.0.4606.81 Safari/537.36"
192.168.3.14 - - [15/Oct/2021:11:11:19 +0000] "GET /phpmyadmin/js/vendor/codemirror/addon/hint/show-hint.js?v=4.9.5deb2 HTTP/1.1" 200 5288 "-" "Mozilla/5.0 (Windows NT 10.0; Win64; x64) AppleWebKit/537.36 (KHTML, like Gecko) Chrome/94.0.4606.81 Safari/537.36"
192.168.3.14 - - [15/Oct/2021:11:11:19 +0000] "GET /phpmyadmin/js/console.js?v=4.9.5deb2 HTTP/1.1" 200 10691 "-" "Mozilla/5.0 (Windows NT 10.0; Win64; x64) AppleWebKit/537.36 (KHTML, like Gecko) Chrome/94.0.4606.81 Safari/537.36"
192.168.3.14 - - [15/Oct/2021:11:11:19 +0000] "GET /phpmyadmin/js/functions.js?v=4.9.5deb2 HTTP/1.1" 200 41187 "-" "Mozilla/5.0 (Windows NT 10.0; Win64; x64) AppleWebKit/537.36 (KHTML, like Gecko) Chrome/94.0.4606.81 Safari/537.36"
192.168.3.14 - - [15/Oct/2021:11:11:19 +0000] "GET /phpmyadmin/js/vendor/codemirror/lib/codemirror.js?v=4.9.5deb2 HTTP/1.1" 200 105382 "-" "Mozilla/5.0 (Windows NT 10.0; Win64; x64) AppleWebKit/537.36 (KHTML, like Gecko) Chrome/94.0.4606.81 Safari/537.36"
192.168.3.14 - - [15/Oct/2021:11:11:19 +0000] "GET /phpmyadmin/themes/pmahomme/img/logo_right.png HTTP/1.1" 200 4592 "-" "Mozilla/5.0 (Windows NT 10.0; Win64; x64) AppleWebKit/537.36 (KHTML, like Gecko) Chrome/94.0.4606.81 Safari/537.36"
192.168.3.14 - - [15/Oct/2021:11:11:19 +0000] "GET /phpmyadmin/themes/dot.gif HTTP/1.1" 200 325 "-" "Mozilla/5.0 (Windows NT 10.0; Win64; x64) AppleWebKit/537.36 (KHTML, like Gecko) Chrome/94.0.4606.81 Safari/537.36"
192.168.3.14 - - [15/Oct/2021:11:11:19 +0000] "GET /phpmyadmin/themes/pmahomme/css/printview.css?v=4.9.5deb2 HTTP/1.1" 200 1360 "-" "Mozilla/5.0 (Windows NT 10.0; Win64; x64) AppleWebKit/537.36 (KHTML, like Gecko) Chrome/94.0.4606.81 Safari/537.36"
192.168.3.14 - - [15/Oct/2021:11:11:19 +0000] "GET /phpmyadmin/js/vendor/jquery/jquery.min.js?v=4.9.5deb2 HTTP/1.1" 200 31031 "-" "Mozilla/5.0 (Windows NT 10.0; Win64; x64) AppleWebKit/537.36 (KHTML, like Gecko) Chrome/94.0.4606.81 Safari/537.36"
192.168.3.14 - - [15/Oct/2021:11:11:19 +0000] "GET /phpmyadmin/themes/pmahomme/img/b_help.png HTTP/1.1" 200 989 "http://192.168.3.114/phpmyadmin/phpmyadmin.css.php?nocache=4755212520ltr&server=1" "Mozilla/5.0 (Windows NT 10.0; Win64; x64) AppleWebKit/537.36 (KHTML, like Gecko) Chrome/94.0.4606.81 Safari/537.36"
192.168.3.14 - - [15/Oct/2021:11:11:19 +0000] "GET /phpmyadmin/favicon.ico HTTP/1.1" 200 22788 "-" "Mozilla/5.0 (Windows NT 10.0; Win64; x64) AppleWebKit/537.36 (KHTML, like Gecko) Chrome/94.0.4606.81 Safari/537.36"
::1 - - [15/Oct/2021:11:11:27 +0000] "OPTIONS * HTTP/1.0" 200 126 "-" "Apache/2.4.41 (Ubuntu) (internal dummy connection)"
192.168.3.14 - - [15/Oct/2021:11:11:42 +0000] "POST /phpmyadmin/index.php HTTP/1.1" 302 1306 "-" "Mozilla/5.0 (Windows NT 10.0; Win64; x64) AppleWebKit/537.36 (KHTML, like Gecko) Chrome/94.0.4606.81 Safari/537.36"
192.168.3.14 - - [15/Oct/2021:11:11:42 +0000] "GET /phpmyadmin/index.php HTTP/1.1" 200 16934 "-" "Mozilla/5.0 (Windows NT 10.0; Win64; x64) AppleWebKit/537.36 (KHTML, like Gecko) Chrome/94.0.4606.81 Safari/537.36"
192.168.3.14 - - [15/Oct/2021:11:11:42 +0000] "GET /phpmyadmin/js/messages.php?l=es&v=4.9.5deb2 HTTP/1.1" 200 10470 "-" "Mozilla/5.0 (Windows NT 10.0; Win64; x64) AppleWebKit/537.36 (KHTML, like Gecko) Chrome/94.0.4606.81 Safari/537.36"
192.168.3.14 - - [15/Oct/2021:11:11:42 +0000] "GET /phpmyadmin/phpmyadmin.css.php?nocache=6389508822ltr&server=1 HTTP/1.1" 200 21500 "-" "Mozilla/5.0 (Windows NT 10.0; Win64; x64) AppleWebKit/537.36 (KHTML, like Gecko) Chrome/94.0.4606.81 Safari/537.36"
192.168.3.14 - - [15/Oct/2021:11:11:42 +0000] "GET /phpmyadmin/themes/pmahomme/img/logo_left.png HTTP/1.1" 200 2998 "-" "Mozilla/5.0 (Windows NT 10.0; Win64; x64) AppleWebKit/537.36 (KHTML, like Gecko) Chrome/94.0.4606.81 Safari/537.36"
192.168.3.14 - - [15/Oct/2021:11:11:42 +0000] "GET /phpmyadmin/js/whitelist.php?v=4.9.5deb2 HTTP/1.1" 200 1158 "-" "Mozilla/5.0 (Windows NT 10.0; Win64; x64) AppleWebKit/537.36 (KHTML, like Gecko) Chrome/94.0.4606.81 Safari/537.36"
192.168.3.14 - - [15/Oct/2021:11:11:42 +0000] "GET /phpmyadmin/themes/pmahomme/img/left_nav_bg.png HTTP/1.1" 200 429 "http://192.168.3.114/phpmyadmin/phpmyadmin.css.php?nocache=6389508822ltr&server=1" "Mozilla/5.0 (Windows NT 10.0; Win64; x64) AppleWebKit/537.36 (KHTML, like Gecko) Chrome/94.0.4606.81 Safari/537.36"
192.168.3.14 - - [15/Oct/2021:11:11:42 +0000] "GET /phpmyadmin/themes/pmahomme/img/s_loggoff.png HTTP/1.1" 200 910 "http://192.168.3.114/phpmyadmin/phpmyadmin.css.php?nocache=6389508822ltr&server=1" "Mozilla/5.0 (Windows NT 10.0; Win64; x64) AppleWebKit/537.36 (KHTML, like Gecko) Chrome/94.0.4606.81 Safari/537.36"
192.168.3.14 - - [15/Oct/2021:11:11:42 +0000] "GET /phpmyadmin/themes/pmahomme/img/b_home.png HTTP/1.1" 200 1018 "http://192.168.3.114/phpmyadmin/phpmyadmin.css.php?nocache=6389508822ltr&server=1" "Mozilla/5.0 (Windows NT 10.0; Win64; x64) AppleWebKit/537.36 (KHTML, like Gecko) Chrome/94.0.4606.81 Safari/537.36"
192.168.3.14 - - [15/Oct/2021:11:11:42 +0000] "GET /phpmyadmin/themes/pmahomme/img/b_docs.png HTTP/1.1" 200 990 "http://192.168.3.114/phpmyadmin/phpmyadmin.css.php?nocache=6389508822ltr&server=1" "Mozilla/5.0 (Windows NT 10.0; Win64; x64) AppleWebKit/537.36 (KHTML, like Gecko) Chrome/94.0.4606.81 Safari/537.36"
192.168.3.14 - - [15/Oct/2021:11:11:42 +0000] "GET /phpmyadmin/themes/pmahomme/img/b_sqlhelp.png HTTP/1.1" 200 797 "http://192.168.3.114/phpmyadmin/phpmyadmin.css.php?nocache=6389508822ltr&server=1" "Mozilla/5.0 (Windows NT 10.0; Win64; x64) AppleWebKit/537.36 (KHTML, like Gecko) Chrome/94.0.4606.81 Safari/537.36"
192.168.3.14 - - [15/Oct/2021:11:11:42 +0000] "GET /phpmyadmin/themes/pmahomme/img/s_cog.png HTTP/1.1" 200 727 "http://192.168.3.114/phpmyadmin/phpmyadmin.css.php?nocache=6389508822ltr&server=1" "Mozilla/5.0 (Windows NT 10.0; Win64; x64) AppleWebKit/537.36 (KHTML, like Gecko) Chrome/94.0.4606.81 Safari/537.36"
192.168.3.14 - - [15/Oct/2021:11:11:42 +0000] "GET /phpmyadmin/themes/pmahomme/img/s_reload.png HTTP/1.1" 200 811 "http://192.168.3.114/phpmyadmin/phpmyadmin.css.php?nocache=6389508822ltr&server=1" "Mozilla/5.0 (Windows NT 10.0; Win64; x64) AppleWebKit/537.36 (KHTML, like Gecko) Chrome/94.0.4606.81 Safari/537.36"
192.168.3.14 - - [15/Oct/2021:11:11:42 +0000] "GET /phpmyadmin/themes/pmahomme/img/s_link.png HTTP/1.1" 200 564 "http://192.168.3.114/phpmyadmin/phpmyadmin.css.php?nocache=6389508822ltr&server=1" "Mozilla/5.0 (Windows NT 10.0; Win64; x64) AppleWebKit/537.36 (KHTML, like Gecko) Chrome/94.0.4606.81 Safari/537.36"
192.168.3.14 - - [15/Oct/2021:11:11:42 +0000] "GET /phpmyadmin/themes/pmahomme/img/b_newdb.png HTTP/1.1" 200 869 "http://192.168.3.114/phpmyadmin/phpmyadmin.css.php?nocache=6389508822ltr&server=1" "Mozilla/5.0 (Windows NT 10.0; Win64; x64) AppleWebKit/537.36 (KHTML, like Gecko) Chrome/94.0.4606.81 Safari/537.36"
192.168.3.14 - - [15/Oct/2021:11:11:42 +0000] "GET /phpmyadmin/themes/pmahomme/img/b_plus.png HTTP/1.1" 200 426 "http://192.168.3.114/phpmyadmin/phpmyadmin.css.php?nocache=6389508822ltr&server=1" "Mozilla/5.0 (Windows NT 10.0; Win64; x64) AppleWebKit/537.36 (KHTML, like Gecko) Chrome/94.0.4606.81 Safari/537.36"
192.168.3.14 - - [15/Oct/2021:11:11:42 +0000] "GET /phpmyadmin/themes/pmahomme/img/s_db.png HTTP/1.1" 200 612 "http://192.168.3.114/phpmyadmin/phpmyadmin.css.php?nocache=6389508822ltr&server=1" "Mozilla/5.0 (Windows NT 10.0; Win64; x64) AppleWebKit/537.36 (KHTML, like Gecko) Chrome/94.0.4606.81 Safari/537.36"
